Archive member included to satisfy reference by file (symbol)

c:/program files/microchip/xc8/v2.36/avr/bin/../lib/gcc/avr/5.4.0/avr6/memx-const\libgcc.a(_copy_data.o)
                              main.o (__do_clear_bss)
c:/program files/microchip/xc8/v2.36/avr/bin/../lib/gcc/avr/5.4.0/avr6/memx-const\libgcc.a(_xload_1.o)
                              Lys.o (__xload_1)
c:/program files/microchip/xc8/v2.36/avr/bin/../lib/gcc/avr/5.4.0/../../../../avr/lib/avr6/memx-const\libc.a(exit.o)
                              C:/Program Files (x86)/Atmel/Studio/7.0/Packs/atmel/ATmega_DFP/1.7.374/xc8/avr/lib/avr6/memx-const/crtatmega2560.o (exit)
c:/program files/microchip/xc8/v2.36/avr/bin/../lib/gcc/avr/5.4.0/../../../../avr/lib/avr6/memx-const\libc.a(_Exit.o)
                              c:/program files/microchip/xc8/v2.36/avr/bin/../lib/gcc/avr/5.4.0/../../../../avr/lib/avr6/memx-const\libc.a(exit.o) (_Exit)
c:/program files/microchip/xc8/v2.36/avr/bin/../lib/gcc/avr/5.4.0/avr6/memx-const\libgcc.a(_exit.o)
                              c:/program files/microchip/xc8/v2.36/avr/bin/../lib/gcc/avr/5.4.0/../../../../avr/lib/avr6/memx-const\libc.a(_Exit.o) (_exit)

Discarded input sections

 .data          0x0000000000000000        0x0 C:/Program Files (x86)/Atmel/Studio/7.0/Packs/atmel/ATmega_DFP/1.7.374/xc8/avr/lib/avr6/memx-const/crtatmega2560.o
 .bss           0x0000000000000000        0x0 C:/Program Files (x86)/Atmel/Studio/7.0/Packs/atmel/ATmega_DFP/1.7.374/xc8/avr/lib/avr6/memx-const/crtatmega2560.o
 .text          0x0000000000000000        0x0 Lys.o
 .data          0x0000000000000000        0x0 Lys.o
 .bss           0x0000000000000000        0x0 Lys.o
 .text          0x0000000000000000        0x0 main.o
 .data          0x0000000000000000        0x0 main.o
 .bss           0x0000000000000000        0x0 main.o
 .bss.sol       0x0000000000000000        0x2 main.o
 .bss.watt      0x0000000000000000        0x2 main.o
 .text          0x0000000000000000        0x0 Motor.o
 .data          0x0000000000000000        0x0 Motor.o
 .bss           0x0000000000000000        0x0 Motor.o
 .text.motor_setup
                0x0000000000000000        0x8 Motor.o
 .text.loop     0x0000000000000000      0x126 Motor.o
 .text          0x0000000000000000        0x0 c:/program files/microchip/xc8/v2.36/avr/bin/../lib/gcc/avr/5.4.0/avr6/memx-const\libgcc.a(_copy_data.o)
 .data          0x0000000000000000        0x0 c:/program files/microchip/xc8/v2.36/avr/bin/../lib/gcc/avr/5.4.0/avr6/memx-const\libgcc.a(_copy_data.o)
 .bss           0x0000000000000000        0x0 c:/program files/microchip/xc8/v2.36/avr/bin/../lib/gcc/avr/5.4.0/avr6/memx-const\libgcc.a(_copy_data.o)
 .text.libgcc.mul
                0x0000000000000000        0x0 c:/program files/microchip/xc8/v2.36/avr/bin/../lib/gcc/avr/5.4.0/avr6/memx-const\libgcc.a(_copy_data.o)
 .text.libgcc.div
                0x0000000000000000        0x0 c:/program files/microchip/xc8/v2.36/avr/bin/../lib/gcc/avr/5.4.0/avr6/memx-const\libgcc.a(_copy_data.o)
 .text.libgcc   0x0000000000000000        0x0 c:/program files/microchip/xc8/v2.36/avr/bin/../lib/gcc/avr/5.4.0/avr6/memx-const\libgcc.a(_copy_data.o)
 .text.libgcc.prologue
                0x0000000000000000        0x0 c:/program files/microchip/xc8/v2.36/avr/bin/../lib/gcc/avr/5.4.0/avr6/memx-const\libgcc.a(_copy_data.o)
 .text.libgcc.builtins
                0x0000000000000000        0x0 c:/program files/microchip/xc8/v2.36/avr/bin/../lib/gcc/avr/5.4.0/avr6/memx-const\libgcc.a(_copy_data.o)
 .text.libgcc.fmul
                0x0000000000000000        0x0 c:/program files/microchip/xc8/v2.36/avr/bin/../lib/gcc/avr/5.4.0/avr6/memx-const\libgcc.a(_copy_data.o)
 .text.libgcc.fixed
                0x0000000000000000        0x0 c:/program files/microchip/xc8/v2.36/avr/bin/../lib/gcc/avr/5.4.0/avr6/memx-const\libgcc.a(_copy_data.o)
 .text          0x0000000000000000        0x0 c:/program files/microchip/xc8/v2.36/avr/bin/../lib/gcc/avr/5.4.0/avr6/memx-const\libgcc.a(_xload_1.o)
 .data          0x0000000000000000        0x0 c:/program files/microchip/xc8/v2.36/avr/bin/../lib/gcc/avr/5.4.0/avr6/memx-const\libgcc.a(_xload_1.o)
 .bss           0x0000000000000000        0x0 c:/program files/microchip/xc8/v2.36/avr/bin/../lib/gcc/avr/5.4.0/avr6/memx-const\libgcc.a(_xload_1.o)
 .text.libgcc.mul
                0x0000000000000000        0x0 c:/program files/microchip/xc8/v2.36/avr/bin/../lib/gcc/avr/5.4.0/avr6/memx-const\libgcc.a(_xload_1.o)
 .text.libgcc.div
                0x0000000000000000        0x0 c:/program files/microchip/xc8/v2.36/avr/bin/../lib/gcc/avr/5.4.0/avr6/memx-const\libgcc.a(_xload_1.o)
 .text.libgcc.prologue
                0x0000000000000000        0x0 c:/program files/microchip/xc8/v2.36/avr/bin/../lib/gcc/avr/5.4.0/avr6/memx-const\libgcc.a(_xload_1.o)
 .stack.descriptors
                0x0000000000000000       0x17 c:/program files/microchip/xc8/v2.36/avr/bin/../lib/gcc/avr/5.4.0/avr6/memx-const\libgcc.a(_xload_1.o)
 .text.libgcc.builtins
                0x0000000000000000        0x0 c:/program files/microchip/xc8/v2.36/avr/bin/../lib/gcc/avr/5.4.0/avr6/memx-const\libgcc.a(_xload_1.o)
 .text.libgcc.fmul
                0x0000000000000000        0x0 c:/program files/microchip/xc8/v2.36/avr/bin/../lib/gcc/avr/5.4.0/avr6/memx-const\libgcc.a(_xload_1.o)
 .text.libgcc.fixed
                0x0000000000000000        0x0 c:/program files/microchip/xc8/v2.36/avr/bin/../lib/gcc/avr/5.4.0/avr6/memx-const\libgcc.a(_xload_1.o)
 .text          0x0000000000000000        0x0 c:/program files/microchip/xc8/v2.36/avr/bin/../lib/gcc/avr/5.4.0/../../../../avr/lib/avr6/memx-const\libc.a(exit.o)
 .data          0x0000000000000000        0x0 c:/program files/microchip/xc8/v2.36/avr/bin/../lib/gcc/avr/5.4.0/../../../../avr/lib/avr6/memx-const\libc.a(exit.o)
 .bss           0x0000000000000000        0x0 c:/program files/microchip/xc8/v2.36/avr/bin/../lib/gcc/avr/5.4.0/../../../../avr/lib/avr6/memx-const\libc.a(exit.o)
 .text          0x0000000000000000        0x0 c:/program files/microchip/xc8/v2.36/avr/bin/../lib/gcc/avr/5.4.0/../../../../avr/lib/avr6/memx-const\libc.a(_Exit.o)
 .data          0x0000000000000000        0x0 c:/program files/microchip/xc8/v2.36/avr/bin/../lib/gcc/avr/5.4.0/../../../../avr/lib/avr6/memx-const\libc.a(_Exit.o)
 .bss           0x0000000000000000        0x0 c:/program files/microchip/xc8/v2.36/avr/bin/../lib/gcc/avr/5.4.0/../../../../avr/lib/avr6/memx-const\libc.a(_Exit.o)
 .text          0x0000000000000000        0x0 c:/program files/microchip/xc8/v2.36/avr/bin/../lib/gcc/avr/5.4.0/avr6/memx-const\libgcc.a(_exit.o)
 .data          0x0000000000000000        0x0 c:/program files/microchip/xc8/v2.36/avr/bin/../lib/gcc/avr/5.4.0/avr6/memx-const\libgcc.a(_exit.o)
 .bss           0x0000000000000000        0x0 c:/program files/microchip/xc8/v2.36/avr/bin/../lib/gcc/avr/5.4.0/avr6/memx-const\libgcc.a(_exit.o)
 .text.libgcc.mul
                0x0000000000000000        0x0 c:/program files/microchip/xc8/v2.36/avr/bin/../lib/gcc/avr/5.4.0/avr6/memx-const\libgcc.a(_exit.o)
 .text.libgcc.div
                0x0000000000000000        0x0 c:/program files/microchip/xc8/v2.36/avr/bin/../lib/gcc/avr/5.4.0/avr6/memx-const\libgcc.a(_exit.o)
 .text.libgcc   0x0000000000000000        0x0 c:/program files/microchip/xc8/v2.36/avr/bin/../lib/gcc/avr/5.4.0/avr6/memx-const\libgcc.a(_exit.o)
 .text.libgcc.prologue
                0x0000000000000000        0x0 c:/program files/microchip/xc8/v2.36/avr/bin/../lib/gcc/avr/5.4.0/avr6/memx-const\libgcc.a(_exit.o)
 .stack.descriptors
                0x0000000000000000       0x13 c:/program files/microchip/xc8/v2.36/avr/bin/../lib/gcc/avr/5.4.0/avr6/memx-const\libgcc.a(_exit.o)
 .text.libgcc.builtins
                0x0000000000000000        0x0 c:/program files/microchip/xc8/v2.36/avr/bin/../lib/gcc/avr/5.4.0/avr6/memx-const\libgcc.a(_exit.o)
 .text.libgcc.fmul
                0x0000000000000000        0x0 c:/program files/microchip/xc8/v2.36/avr/bin/../lib/gcc/avr/5.4.0/avr6/memx-const\libgcc.a(_exit.o)
 .text.libgcc.fixed
                0x0000000000000000        0x0 c:/program files/microchip/xc8/v2.36/avr/bin/../lib/gcc/avr/5.4.0/avr6/memx-const\libgcc.a(_exit.o)

Memory Configuration

Name             Origin             Length             Attributes
text             0x0000000000000000 0x0000000000040000 xr
data             0x0000000000800200 0x0000000000002000 rw !x
eeprom           0x0000000000810000 0x0000000000001000 rw !x
fuse             0x0000000000820000 0x0000000000000003 rw !x
lock             0x0000000000830000 0x0000000000000400 rw !x
signature        0x0000000000840000 0x0000000000000400 rw !x
user_signatures  0x0000000000850000 0x0000000000000400 rw !x
*default*        0x0000000000000000 0xffffffffffffffff

Linker script and memory map

Address of section .data set to 0x800200
LOAD C:/Program Files (x86)/Atmel/Studio/7.0/Packs/atmel/ATmega_DFP/1.7.374/xc8/avr/lib/avr6/memx-const/crtatmega2560.o
LOAD Lys.o
LOAD main.o
LOAD Motor.o
START GROUP
LOAD c:/program files/microchip/xc8/v2.36/avr/bin/../lib/gcc/avr/5.4.0/../../../../avr/lib/avr6/memx-const\libm.a
END GROUP
START GROUP
LOAD c:/program files/microchip/xc8/v2.36/avr/bin/../lib/gcc/avr/5.4.0/avr6/memx-const\libgcc.a
LOAD c:/program files/microchip/xc8/v2.36/avr/bin/../lib/gcc/avr/5.4.0/../../../../avr/lib/avr6/memx-const\libm.a
LOAD c:/program files/microchip/xc8/v2.36/avr/bin/../lib/gcc/avr/5.4.0/../../../../avr/lib/avr6/memx-const\libc.a
LOAD C:/Program Files (x86)/Atmel/Studio/7.0/Packs/atmel/ATmega_DFP/1.7.374/xc8/avr/lib/avr6/memx-const\libatmega2560.a
END GROUP
                0x0000000000000000                __TEXT_REGION_ORIGIN__ = DEFINED (__TEXT_REGION_ORIGIN__)?__TEXT_REGION_ORIGIN__:0x0
                [0x0000000000800200]                __DATA_REGION_ORIGIN__ = DEFINED (__DATA_REGION_ORIGIN__)?__DATA_REGION_ORIGIN__:0x800200
                [0x0000000000040000]                __TEXT_REGION_LENGTH__ = DEFINED (__TEXT_REGION_LENGTH__)?__TEXT_REGION_LENGTH__:0x100000
                [0x0000000000002000]                __DATA_REGION_LENGTH__ = DEFINED (__DATA_REGION_LENGTH__)?__DATA_REGION_LENGTH__:0xfe00
                [0x0000000000001000]                __EEPROM_REGION_LENGTH__ = DEFINED (__EEPROM_REGION_LENGTH__)?__EEPROM_REGION_LENGTH__:0x10000
                [0x0000000000000003]                __FUSE_REGION_LENGTH__ = DEFINED (__FUSE_REGION_LENGTH__)?__FUSE_REGION_LENGTH__:0x400
                0x0000000000000400                __LOCK_REGION_LENGTH__ = DEFINED (__LOCK_REGION_LENGTH__)?__LOCK_REGION_LENGTH__:0x400
                0x0000000000000400                __SIGNATURE_REGION_LENGTH__ = DEFINED (__SIGNATURE_REGION_LENGTH__)?__SIGNATURE_REGION_LENGTH__:0x400
                0x0000000000000400                __USER_SIGNATURE_REGION_LENGTH__ = DEFINED (__USER_SIGNATURE_REGION_LENGTH__)?__USER_SIGNATURE_REGION_LENGTH__:0x400

.hash
 *(.hash)

.dynsym
 *(.dynsym)

.dynstr
 *(.dynstr)

.gnu.version
 *(.gnu.version)

.gnu.version_d
 *(.gnu.version_d)

.gnu.version_r
 *(.gnu.version_r)

.rel.init
 *(.rel.init)

.rela.init
 *(.rela.init)

.rel.text
 *(.rel.text)
 *(.rel.text.*)
 *(.rel.gnu.linkonce.t*)

.rela.text
 *(.rela.text)
 *(.rela.text.*)
 *(.rela.gnu.linkonce.t*)

.rel.fini
 *(.rel.fini)

.rela.fini
 *(.rela.fini)

.rel.rodata
 *(.rel.rodata)
 *(.rel.rodata.*)
 *(.rel.gnu.linkonce.r*)

.rela.rodata
 *(.rela.rodata)
 *(.rela.rodata.*)
 *(.rela.gnu.linkonce.r*)

.rel.data
 *(.rel.data)
 *(.rel.data.*)
 *(.rel.gnu.linkonce.d*)

.rela.data
 *(.rela.data)
 *(.rela.data.*)
 *(.rela.gnu.linkonce.d*)

.rel.ctors
 *(.rel.ctors)

.rela.ctors
 *(.rela.ctors)

.rel.dtors
 *(.rel.dtors)

.rela.dtors
 *(.rela.dtors)

.rel.got
 *(.rel.got)

.rela.got
 *(.rela.got)

.rel.bss
 *(.rel.bss)

.rela.bss
 *(.rela.bss)

.rel.plt
 *(.rel.plt)

.rela.plt
 *(.rela.plt)

.text           0x0000000000000000      0x140
 *(.vectors)
 .vectors       0x0000000000000000       0xe4 C:/Program Files (x86)/Atmel/Studio/7.0/Packs/atmel/ATmega_DFP/1.7.374/xc8/avr/lib/avr6/memx-const/crtatmega2560.o
                0x0000000000000000                __vector_default
                0x0000000000000000                __vectors
 *(.vectors)
 *(.progmem.gcc*)
 *(.dinit)
 .dinit         0x00000000000000e4        0x0 data_init
                0x00000000000000e4                . = ALIGN (0x2)
                0x00000000000000e4                __trampolines_start = .
 *(.trampolines)
 .trampolines   0x00000000000000e4        0x0 linker stubs
 *(.trampolines*)
                0x00000000000000e4                __trampolines_end = .
 *libprintf_flt.a:*(.progmem.data)
 *libc.a:*(.progmem.data)
                0x00000000000000e4                . = ALIGN (0x2)
 *(.jumptables)
 *(.jumptables*)
 *(.lowtext)
 *(.lowtext*)
                0x00000000000000e4                __ctors_start = .
 *(.ctors)
                0x00000000000000e4                __ctors_end = .
                0x00000000000000e4                __dtors_start = .
 *(.dtors)
                0x00000000000000e4                __dtors_end = .
 SORT(*)(.ctors)
 SORT(*)(.dtors)
 *(.init0)
 .init0         0x00000000000000e4        0x0 C:/Program Files (x86)/Atmel/Studio/7.0/Packs/atmel/ATmega_DFP/1.7.374/xc8/avr/lib/avr6/memx-const/crtatmega2560.o
                0x00000000000000e4                __init
 *(.init0)
 *(.init1)
 *(.init1)
 *(.init2)
 .init2         0x00000000000000e4       0x10 C:/Program Files (x86)/Atmel/Studio/7.0/Packs/atmel/ATmega_DFP/1.7.374/xc8/avr/lib/avr6/memx-const/crtatmega2560.o
 *(.init2)
 *(.init3)
 *(.init3)
 *(.init4)
 .init4         0x00000000000000f4       0x40 c:/program files/microchip/xc8/v2.36/avr/bin/../lib/gcc/avr/5.4.0/avr6/memx-const\libgcc.a(_copy_data.o)
                0x00000000000000f4                __do_copy_data
                0x0000000000000126                __do_clear_bss
 *(.init4)
 *(.init5)
 *(.init5)
 *(.init6)
 *(.init6)
 *(.init7)
 *(.init7)
 *(.init8)
 *(.init8)
 *(.init9)
 .init9         0x0000000000000134        0x8 C:/Program Files (x86)/Atmel/Studio/7.0/Packs/atmel/ATmega_DFP/1.7.374/xc8/avr/lib/avr6/memx-const/crtatmega2560.o
 *(.init9)
                0x000000000000013c                . = ALIGN (0x2)
 *(.fini9)
 .fini9         0x000000000000013c        0x0 c:/program files/microchip/xc8/v2.36/avr/bin/../lib/gcc/avr/5.4.0/avr6/memx-const\libgcc.a(_exit.o)
                0x000000000000013c                _exit
 *(.fini9)
 *(.fini8)
 *(.fini8)
 *(.fini7)
 *(.fini7)
 *(.fini6)
 *(.fini6)
 *(.fini5)
 *(.fini5)
 *(.fini4)
 *(.fini4)
 *(.fini3)
 *(.fini3)
 *(.fini2)
 *(.fini2)
 *(.fini1)
 *(.fini1)
 *(.fini0)
 .fini0         0x000000000000013c        0x4 c:/program files/microchip/xc8/v2.36/avr/bin/../lib/gcc/avr/5.4.0/avr6/memx-const\libgcc.a(_exit.o)
 *(.fini0)
                0x0000000000000140                _etext = .

.data           0x0000000000800200        0x0 load address 0x0000000000000140
                [!provide]                        PROVIDE (__data_start, .)
 *(.gnu.linkonce.d*)
 *(.gnu.linkonce.r*)
                0x0000000000800200                . = ALIGN (0x2)
                0x0000000000800200                _edata = .
                [!provide]                        PROVIDE (__data_end, .)

.bss            0x0000000000800200        0x0
                [!provide]                        PROVIDE (__bss_start, .)
 *(COMMON)
                [!provide]                        PROVIDE (__bss_end, .)
                0x0000000000000140                __data_load_start = LOADADDR (.data)
                0x0000000000000140                __data_load_end = (__data_load_start + SIZEOF (.data))

.noinit         0x0000000000800200        0x0
                [!provide]                        PROVIDE (__noinit_start, .)
 *(.noinit*)
                [!provide]                        PROVIDE (__noinit_end, .)
                0x0000000000800200                _end = .

.eeprom         0x0000000000810000        0x0
 *(.eeprom*)
                0x0000000000810000                __eeprom_end = .

.fuse
 *(.fuse)
 *(.lfuse)
 *(.hfuse)
 *(.efuse)

.lock
 *(.lock*)

.signature
 *(.signature*)

.user_signatures
 *(.user_signatures*)

.stab
 *(.stab)

.stabstr
 *(.stabstr)

.stab.excl
 *(.stab.excl)

.stab.exclstr
 *(.stab.exclstr)

.stab.index
 *(.stab.index)

.stab.indexstr
 *(.stab.indexstr)

.comment        0x0000000000000000       0x2f
 *(.comment)
 .comment       0x0000000000000000       0x2f Lys.o
                                         0x30 (size before relaxing)
 .comment       0x000000000000002f       0x30 main.o
 .comment       0x000000000000002f       0x30 Motor.o
 .comment       0x000000000000002f       0x30 c:/program files/microchip/xc8/v2.36/avr/bin/../lib/gcc/avr/5.4.0/../../../../avr/lib/avr6/memx-const\libc.a(exit.o)
 .comment       0x000000000000002f       0x30 c:/program files/microchip/xc8/v2.36/avr/bin/../lib/gcc/avr/5.4.0/../../../../avr/lib/avr6/memx-const\libc.a(_Exit.o)

.stack.descriptors.hdr
                0x0000000000000000       0x1c
 .stack.descriptors.hdr
                0x0000000000000000        0xe c:/program files/microchip/xc8/v2.36/avr/bin/../lib/gcc/avr/5.4.0/avr6/memx-const\libgcc.a(_xload_1.o)
 .stack.descriptors.hdr
                0x000000000000000e        0xe c:/program files/microchip/xc8/v2.36/avr/bin/../lib/gcc/avr/5.4.0/avr6/memx-const\libgcc.a(_exit.o)

.note.GNU-stack
                0x0000000000000000        0x0
 .note.GNU-stack
                0x0000000000000000        0x0 c:/program files/microchip/xc8/v2.36/avr/bin/../lib/gcc/avr/5.4.0/../../../../avr/lib/avr6/memx-const\libc.a(exit.o)
 .note.GNU-stack
                0x0000000000000000        0x0 c:/program files/microchip/xc8/v2.36/avr/bin/../lib/gcc/avr/5.4.0/../../../../avr/lib/avr6/memx-const\libc.a(_Exit.o)

.note.gnu.build-id
 *(.note.gnu.build-id)

.debug
 *(.debug)

.line
 *(.line)

.debug_srcinfo
 *(.debug_srcinfo)

.debug_sfnames
 *(.debug_sfnames)

.debug_aranges  0x0000000000000000       0xa8
 *(.debug_aranges)
 .debug_aranges
                0x0000000000000000       0x50 Lys.o
 .debug_aranges
                0x0000000000000050       0x20 main.o
 .debug_aranges
                0x0000000000000070       0x38 Motor.o

.debug_pubnames
 *(.debug_pubnames)

.debug_info     0x0000000000000000     0x20ad
 *(.debug_info .gnu.linkonce.wi.*)
 .debug_info    0x0000000000000000      0xbbc C:/Program Files (x86)/Atmel/Studio/7.0/Packs/atmel/ATmega_DFP/1.7.374/xc8/avr/lib/avr6/memx-const/crtatmega2560.o
 .debug_info    0x0000000000000bbc      0x692 Lys.o
 .debug_info    0x000000000000124e      0x376 main.o
 .debug_info    0x00000000000015c4      0xae9 Motor.o

.debug_abbrev   0x0000000000000000      0xebd
 *(.debug_abbrev)
 .debug_abbrev  0x0000000000000000      0xb1a C:/Program Files (x86)/Atmel/Studio/7.0/Packs/atmel/ATmega_DFP/1.7.374/xc8/avr/lib/avr6/memx-const/crtatmega2560.o
 .debug_abbrev  0x0000000000000b1a      0x15b Lys.o
 .debug_abbrev  0x0000000000000c75       0xec main.o
 .debug_abbrev  0x0000000000000d61      0x15c Motor.o

.debug_line     0x0000000000000000      0x906
 *(.debug_line .debug_line.* .debug_line_end)
 .debug_line    0x0000000000000000      0x1fd C:/Program Files (x86)/Atmel/Studio/7.0/Packs/atmel/ATmega_DFP/1.7.374/xc8/avr/lib/avr6/memx-const/crtatmega2560.o
 .debug_line    0x00000000000001fd      0x224 Lys.o
 .debug_line    0x0000000000000421       0xe6 main.o
 .debug_line    0x0000000000000507      0x3ff Motor.o

.debug_frame    0x0000000000000000      0x150
 *(.debug_frame)
 .debug_frame   0x0000000000000000       0xbc Lys.o
 .debug_frame   0x00000000000000bc       0x24 main.o
 .debug_frame   0x00000000000000e0       0x70 Motor.o

.debug_str      0x0000000000000000      0x410
 *(.debug_str)
 .debug_str     0x0000000000000000      0x3e6 C:/Program Files (x86)/Atmel/Studio/7.0/Packs/atmel/ATmega_DFP/1.7.374/xc8/avr/lib/avr6/memx-const/crtatmega2560.o
 .debug_str     0x00000000000003e6       0x21 Lys.o
 .debug_str     0x0000000000000407        0x9 main.o
 .debug_str     0x0000000000000410        0x0 Motor.o

.debug_loc      0x0000000000000000      0xa35
 *(.debug_loc)
 .debug_loc     0x0000000000000000      0x2df Lys.o
 .debug_loc     0x00000000000002df      0x756 Motor.o

.debug_macinfo
 *(.debug_macinfo)

.debug_weaknames
 *(.debug_weaknames)

.debug_funcnames
 *(.debug_funcnames)

.debug_typenames
 *(.debug_typenames)

.debug_varnames
 *(.debug_varnames)

.debug_pubtypes
 *(.debug_pubtypes)

.debug_ranges   0x0000000000000000       0x78
 *(.debug_ranges)
 .debug_ranges  0x0000000000000000       0x40 Lys.o
 .debug_ranges  0x0000000000000040       0x10 main.o
 .debug_ranges  0x0000000000000050       0x28 Motor.o

.debug_macro
 *(.debug_macro)
OUTPUT(2.semesterProjektMaster.elf elf32-avr)
LOAD linker stubs
LOAD data_init

.note.gnu.avr.deviceinfo
                0x0000000000000000       0x40
 .note.gnu.avr.deviceinfo
                0x0000000000000000       0x40 C:/Program Files (x86)/Atmel/Studio/7.0/Packs/atmel/ATmega_DFP/1.7.374/xc8/avr/lib/avr6/memx-const/crtatmega2560.o

.progmemx.data  0x0000000000000140       0x44
 .progmemx.data
                0x0000000000000140       0x44 Lys.o

.text.send_new_position
                0x0000000000000184      0x140
 .text.send_new_position
                0x0000000000000184      0x140 Motor.o
                0x0000000000000184                send_new_position

.text.getSteps  0x00000000000002c4       0xd4
 .text.getSteps
                0x00000000000002c4       0xd4 Lys.o
                0x00000000000002c4                getSteps

.text.calculate_sun_position
                0x0000000000000398       0x56
 .text.calculate_sun_position
                0x0000000000000398       0x56 Lys.o
                0x0000000000000398                calculate_sun_position

.text.digitalWrite
                0x00000000000003ee       0x3a
 .text.digitalWrite
                0x00000000000003ee       0x3a Motor.o
                0x00000000000003ee                digitalWrite

.text.uart_send_string
                0x0000000000000428       0x2e
 .text.uart_send_string
                0x0000000000000428       0x2e Lys.o
                0x0000000000000428                uart_send_string

.text.read_analog
                0x0000000000000456       0x2a
 .text.read_analog
                0x0000000000000456       0x2a Lys.o
                0x0000000000000456                read_analog

.text.main      0x0000000000000480       0x18
 .text.main     0x0000000000000480       0x18 main.o
                0x0000000000000480                main

.text.uart_init
                0x0000000000000498       0x16
 .text.uart_init
                0x0000000000000498       0x16 Lys.o
                0x0000000000000498                uart_init

.text.exit      0x00000000000004ae       0x16
 .text.exit     0x00000000000004ae       0x16 c:/program files/microchip/xc8/v2.36/avr/bin/../lib/gcc/avr/5.4.0/../../../../avr/lib/avr6/memx-const\libc.a(exit.o)
                0x00000000000004ae                exit

.text.uart_transmit
                0x00000000000004c4        0xe
 .text.uart_transmit
                0x00000000000004c4        0xe Lys.o
                0x00000000000004c4                uart_transmit

.text.adc_init  0x00000000000004d2        0xe
 .text.adc_init
                0x00000000000004d2        0xe Lys.o
                0x00000000000004d2                adc_init

.text.libgcc    0x00000000000004e0        0xe
 .text.libgcc   0x00000000000004e0        0xe c:/program files/microchip/xc8/v2.36/avr/bin/../lib/gcc/avr/5.4.0/avr6/memx-const\libgcc.a(_xload_1.o)
                0x00000000000004e0                __xload_1

.text           0x00000000000004ee        0x4
 .text          0x00000000000004ee        0x4 C:/Program Files (x86)/Atmel/Studio/7.0/Packs/atmel/ATmega_DFP/1.7.374/xc8/avr/lib/avr6/memx-const/crtatmega2560.o
                0x00000000000004ee                __vector_38
                0x00000000000004ee                __vector_22
                0x00000000000004ee                __vector_28
                0x00000000000004ee                __vector_1
                0x00000000000004ee                __vector_32
                0x00000000000004ee                __vector_34
                0x00000000000004ee                __vector_24
                0x00000000000004ee                __vector_12
                0x00000000000004ee                __vector_55
                0x00000000000004ee                __vector_46
                0x00000000000004ee                __bad_interrupt
                0x00000000000004ee                __vector_6
                0x00000000000004ee                __vector_31
                0x00000000000004ee                __vector_35
                0x00000000000004ee                __vector_39
                0x00000000000004ee                __vector_3
                0x00000000000004ee                __vector_23
                0x00000000000004ee                __vector_30
                0x00000000000004ee                __vector_45
                0x00000000000004ee                __vector_25
                0x00000000000004ee                __vector_11
                0x00000000000004ee                __vector_54
                0x00000000000004ee                __vector_13
                0x00000000000004ee                __vector_17
                0x00000000000004ee                __vector_19
                0x00000000000004ee                __vector_56
                0x00000000000004ee                __vector_7
                0x00000000000004ee                __vector_49
                0x00000000000004ee                __vector_41
                0x00000000000004ee                __vector_43
                0x00000000000004ee                __vector_27
                0x00000000000004ee                __vector_5
                0x00000000000004ee                __vector_33
                0x00000000000004ee                __vector_47
                0x00000000000004ee                __vector_52
                0x00000000000004ee                __vector_37
                0x00000000000004ee                __vector_4
                0x00000000000004ee                __vector_44
                0x00000000000004ee                __vector_51
                0x00000000000004ee                __vector_9
                0x00000000000004ee                __vector_2
                0x00000000000004ee                __vector_21
                0x00000000000004ee                __vector_15
                0x00000000000004ee                __vector_36
                0x00000000000004ee                __vector_29
                0x00000000000004ee                __vector_40
                0x00000000000004ee                __vector_8
                0x00000000000004ee                __vector_26
                0x00000000000004ee                __vector_48
                0x00000000000004ee                __vector_14
                0x00000000000004ee                __vector_53
                0x00000000000004ee                __vector_10
                0x00000000000004ee                __vector_50
                0x00000000000004ee                __vector_16
                0x00000000000004ee                __vector_18
                0x00000000000004ee                __vector_20
                0x00000000000004ee                __vector_42

.text._Exit     0x00000000000004f2        0x4
 .text._Exit    0x00000000000004f2        0x4 c:/program files/microchip/xc8/v2.36/avr/bin/../lib/gcc/avr/5.4.0/../../../../avr/lib/avr6/memx-const\libc.a(_Exit.o)
                0x00000000000004f2                _Exit

.text.__dummy_fini
                0x00000000000004f6        0x2
 .text.__dummy_fini
                0x00000000000004f6        0x2 c:/program files/microchip/xc8/v2.36/avr/bin/../lib/gcc/avr/5.4.0/../../../../avr/lib/avr6/memx-const\libc.a(exit.o)
                0x00000000000004f6                _fini

.text.__dummy_funcs_on_exit
                0x00000000000004f8        0x2
 .text.__dummy_funcs_on_exit
                0x00000000000004f8        0x2 c:/program files/microchip/xc8/v2.36/avr/bin/../lib/gcc/avr/5.4.0/../../../../avr/lib/avr6/memx-const\libc.a(exit.o)
                0x00000000000004f8                __funcs_on_exit

.text.__dummy_simulator_exit
                0x00000000000004fa        0x2
 .text.__dummy_simulator_exit
                0x00000000000004fa        0x2 c:/program files/microchip/xc8/v2.36/avr/bin/../lib/gcc/avr/5.4.0/../../../../avr/lib/avr6/memx-const\libc.a(exit.o)
                0x00000000000004fa                __simulator_exit
