Archive member included to satisfy reference by file (symbol)

c:/program files/microchip/xc8/v2.36/avr/bin/../lib/gcc/avr/5.4.0/avr6/memx-const\libgcc.a(_xload_1.o)
                              Lys.o (__xload_1)
c:/program files/microchip/xc8/v2.36/avr/bin/../lib/gcc/avr/5.4.0/../../../../avr/lib/avr6/memx-const\libc.a(exit.o)
                              C:/Program Files (x86)/Atmel/Studio/7.0/Packs/atmel/ATmega_DFP/1.7.374/xc8/avr/lib/avr6/memx-const/crtatmega2560.o (exit)
c:/program files/microchip/xc8/v2.36/avr/bin/../lib/gcc/avr/5.4.0/../../../../avr/lib/avr6/memx-const\libc.a(_Exit.o)
                              c:/program files/microchip/xc8/v2.36/avr/bin/../lib/gcc/avr/5.4.0/../../../../avr/lib/avr6/memx-const\libc.a(exit.o) (_Exit)
c:/program files/microchip/xc8/v2.36/avr/bin/../lib/gcc/avr/5.4.0/avr6/memx-const\libgcc.a(_exit.o)
                              c:/program files/microchip/xc8/v2.36/avr/bin/../lib/gcc/avr/5.4.0/../../../../avr/lib/avr6/memx-const\libc.a(_Exit.o) (_exit)

Discarded input sections

 .data          0x0000000000000000        0x0 C:/Program Files (x86)/Atmel/Studio/7.0/Packs/atmel/ATmega_DFP/1.7.374/xc8/avr/lib/avr6/memx-const/crtatmega2560.o
 .bss           0x0000000000000000        0x0 C:/Program Files (x86)/Atmel/Studio/7.0/Packs/atmel/ATmega_DFP/1.7.374/xc8/avr/lib/avr6/memx-const/crtatmega2560.o
 .text          0x0000000000000000        0x0 Lys.o
 .data          0x0000000000000000        0x0 Lys.o
 .bss           0x0000000000000000        0x0 Lys.o
 .text.uart_init
                0x0000000000000000       0x16 Lys.o
 .text.uart_transmit
                0x0000000000000000        0xe Lys.o
 .text.uart_send_string
                0x0000000000000000       0x2e Lys.o
 .text.adc_init
                0x0000000000000000        0xe Lys.o
 .text.read_analog
                0x0000000000000000       0x2a Lys.o
 .text.getSteps
                0x0000000000000000       0x98 Lys.o
 .debug_info    0x0000000000000000      0x4b7 Lys.o
 .debug_abbrev  0x0000000000000000      0x11c Lys.o
 .debug_loc     0x0000000000000000      0x231 Lys.o
 .debug_aranges
                0x0000000000000000       0x48 Lys.o
 .debug_ranges  0x0000000000000000       0x38 Lys.o
 .debug_line    0x0000000000000000      0x19c Lys.o
 .debug_str     0x0000000000000000        0x0 Lys.o
 .comment       0x0000000000000000       0x30 Lys.o
 .debug_frame   0x0000000000000000       0xb8 Lys.o
 .text          0x0000000000000000        0x0 main.o
 .data          0x0000000000000000        0x0 main.o
 .bss           0x0000000000000000        0x0 main.o
 .text          0x0000000000000000        0x0 Motor.o
 .data          0x0000000000000000        0x0 Motor.o
 .bss           0x0000000000000000        0x0 Motor.o
 .text.loop     0x0000000000000000      0x126 Motor.o
 .text          0x0000000000000000        0x0 c:/program files/microchip/xc8/v2.36/avr/bin/../lib/gcc/avr/5.4.0/avr6/memx-const\libgcc.a(_xload_1.o)
 .data          0x0000000000000000        0x0 c:/program files/microchip/xc8/v2.36/avr/bin/../lib/gcc/avr/5.4.0/avr6/memx-const\libgcc.a(_xload_1.o)
 .bss           0x0000000000000000        0x0 c:/program files/microchip/xc8/v2.36/avr/bin/../lib/gcc/avr/5.4.0/avr6/memx-const\libgcc.a(_xload_1.o)
 .text.libgcc.mul
                0x0000000000000000        0x0 c:/program files/microchip/xc8/v2.36/avr/bin/../lib/gcc/avr/5.4.0/avr6/memx-const\libgcc.a(_xload_1.o)
 .text.libgcc.div
                0x0000000000000000        0x0 c:/program files/microchip/xc8/v2.36/avr/bin/../lib/gcc/avr/5.4.0/avr6/memx-const\libgcc.a(_xload_1.o)
 .text.libgcc   0x0000000000000000        0xe c:/program files/microchip/xc8/v2.36/avr/bin/../lib/gcc/avr/5.4.0/avr6/memx-const\libgcc.a(_xload_1.o)
 .text.libgcc.prologue
                0x0000000000000000        0x0 c:/program files/microchip/xc8/v2.36/avr/bin/../lib/gcc/avr/5.4.0/avr6/memx-const\libgcc.a(_xload_1.o)
 .stack.descriptors.hdr
                0x0000000000000000        0xe c:/program files/microchip/xc8/v2.36/avr/bin/../lib/gcc/avr/5.4.0/avr6/memx-const\libgcc.a(_xload_1.o)
 .stack.descriptors
                0x0000000000000000       0x17 c:/program files/microchip/xc8/v2.36/avr/bin/../lib/gcc/avr/5.4.0/avr6/memx-const\libgcc.a(_xload_1.o)
 .text.libgcc.builtins
                0x0000000000000000        0x0 c:/program files/microchip/xc8/v2.36/avr/bin/../lib/gcc/avr/5.4.0/avr6/memx-const\libgcc.a(_xload_1.o)
 .text.libgcc.fmul
                0x0000000000000000        0x0 c:/program files/microchip/xc8/v2.36/avr/bin/../lib/gcc/avr/5.4.0/avr6/memx-const\libgcc.a(_xload_1.o)
 .text.libgcc.fixed
                0x0000000000000000        0x0 c:/program files/microchip/xc8/v2.36/avr/bin/../lib/gcc/avr/5.4.0/avr6/memx-const\libgcc.a(_xload_1.o)
 .text          0x0000000000000000        0x0 c:/program files/microchip/xc8/v2.36/avr/bin/../lib/gcc/avr/5.4.0/../../../../avr/lib/avr6/memx-const\libc.a(exit.o)
 .data          0x0000000000000000        0x0 c:/program files/microchip/xc8/v2.36/avr/bin/../lib/gcc/avr/5.4.0/../../../../avr/lib/avr6/memx-const\libc.a(exit.o)
 .bss           0x0000000000000000        0x0 c:/program files/microchip/xc8/v2.36/avr/bin/../lib/gcc/avr/5.4.0/../../../../avr/lib/avr6/memx-const\libc.a(exit.o)
 .text          0x0000000000000000        0x0 c:/program files/microchip/xc8/v2.36/avr/bin/../lib/gcc/avr/5.4.0/../../../../avr/lib/avr6/memx-const\libc.a(_Exit.o)
 .data          0x0000000000000000        0x0 c:/program files/microchip/xc8/v2.36/avr/bin/../lib/gcc/avr/5.4.0/../../../../avr/lib/avr6/memx-const\libc.a(_Exit.o)
 .bss           0x0000000000000000        0x0 c:/program files/microchip/xc8/v2.36/avr/bin/../lib/gcc/avr/5.4.0/../../../../avr/lib/avr6/memx-const\libc.a(_Exit.o)
 .text          0x0000000000000000        0x0 c:/program files/microchip/xc8/v2.36/avr/bin/../lib/gcc/avr/5.4.0/avr6/memx-const\libgcc.a(_exit.o)
 .data          0x0000000000000000        0x0 c:/program files/microchip/xc8/v2.36/avr/bin/../lib/gcc/avr/5.4.0/avr6/memx-const\libgcc.a(_exit.o)
 .bss           0x0000000000000000        0x0 c:/program files/microchip/xc8/v2.36/avr/bin/../lib/gcc/avr/5.4.0/avr6/memx-const\libgcc.a(_exit.o)
 .text.libgcc.mul
                0x0000000000000000        0x0 c:/program files/microchip/xc8/v2.36/avr/bin/../lib/gcc/avr/5.4.0/avr6/memx-const\libgcc.a(_exit.o)
 .text.libgcc.div
                0x0000000000000000        0x0 c:/program files/microchip/xc8/v2.36/avr/bin/../lib/gcc/avr/5.4.0/avr6/memx-const\libgcc.a(_exit.o)
 .text.libgcc   0x0000000000000000        0x0 c:/program files/microchip/xc8/v2.36/avr/bin/../lib/gcc/avr/5.4.0/avr6/memx-const\libgcc.a(_exit.o)
 .text.libgcc.prologue
                0x0000000000000000        0x0 c:/program files/microchip/xc8/v2.36/avr/bin/../lib/gcc/avr/5.4.0/avr6/memx-const\libgcc.a(_exit.o)
 .stack.descriptors
                0x0000000000000000       0x13 c:/program files/microchip/xc8/v2.36/avr/bin/../lib/gcc/avr/5.4.0/avr6/memx-const\libgcc.a(_exit.o)
 .text.libgcc.builtins
                0x0000000000000000        0x0 c:/program files/microchip/xc8/v2.36/avr/bin/../lib/gcc/avr/5.4.0/avr6/memx-const\libgcc.a(_exit.o)
 .text.libgcc.fmul
                0x0000000000000000        0x0 c:/program files/microchip/xc8/v2.36/avr/bin/../lib/gcc/avr/5.4.0/avr6/memx-const\libgcc.a(_exit.o)
 .text.libgcc.fixed
                0x0000000000000000        0x0 c:/program files/microchip/xc8/v2.36/avr/bin/../lib/gcc/avr/5.4.0/avr6/memx-const\libgcc.a(_exit.o)

Memory Configuration

Name             Origin             Length             Attributes
text             0x0000000000000000 0x0000000000040000 xr
data             0x0000000000800200 0x0000000000002000 rw !x
eeprom           0x0000000000810000 0x0000000000001000 rw !x
fuse             0x0000000000820000 0x0000000000000003 rw !x
lock             0x0000000000830000 0x0000000000000400 rw !x
signature        0x0000000000840000 0x0000000000000400 rw !x
user_signatures  0x0000000000850000 0x0000000000000400 rw !x
*default*        0x0000000000000000 0xffffffffffffffff

Linker script and memory map

Address of section .data set to 0x800200
LOAD C:/Program Files (x86)/Atmel/Studio/7.0/Packs/atmel/ATmega_DFP/1.7.374/xc8/avr/lib/avr6/memx-const/crtatmega2560.o
LOAD Lys.o
LOAD main.o
LOAD Motor.o
START GROUP
LOAD c:/program files/microchip/xc8/v2.36/avr/bin/../lib/gcc/avr/5.4.0/../../../../avr/lib/avr6/memx-const\libm.a
END GROUP
START GROUP
LOAD c:/program files/microchip/xc8/v2.36/avr/bin/../lib/gcc/avr/5.4.0/avr6/memx-const\libgcc.a
LOAD c:/program files/microchip/xc8/v2.36/avr/bin/../lib/gcc/avr/5.4.0/../../../../avr/lib/avr6/memx-const\libm.a
LOAD c:/program files/microchip/xc8/v2.36/avr/bin/../lib/gcc/avr/5.4.0/../../../../avr/lib/avr6/memx-const\libc.a
LOAD C:/Program Files (x86)/Atmel/Studio/7.0/Packs/atmel/ATmega_DFP/1.7.374/xc8/avr/lib/avr6/memx-const\libatmega2560.a
END GROUP
                0x0000000000000000                __TEXT_REGION_ORIGIN__ = DEFINED (__TEXT_REGION_ORIGIN__)?__TEXT_REGION_ORIGIN__:0x0
                [0x0000000000800200]                __DATA_REGION_ORIGIN__ = DEFINED (__DATA_REGION_ORIGIN__)?__DATA_REGION_ORIGIN__:0x800200
                [0x0000000000040000]                __TEXT_REGION_LENGTH__ = DEFINED (__TEXT_REGION_LENGTH__)?__TEXT_REGION_LENGTH__:0x100000
                [0x0000000000002000]                __DATA_REGION_LENGTH__ = DEFINED (__DATA_REGION_LENGTH__)?__DATA_REGION_LENGTH__:0xfe00
                [0x0000000000001000]                __EEPROM_REGION_LENGTH__ = DEFINED (__EEPROM_REGION_LENGTH__)?__EEPROM_REGION_LENGTH__:0x10000
                [0x0000000000000003]                __FUSE_REGION_LENGTH__ = DEFINED (__FUSE_REGION_LENGTH__)?__FUSE_REGION_LENGTH__:0x400
                0x0000000000000400                __LOCK_REGION_LENGTH__ = DEFINED (__LOCK_REGION_LENGTH__)?__LOCK_REGION_LENGTH__:0x400
                0x0000000000000400                __SIGNATURE_REGION_LENGTH__ = DEFINED (__SIGNATURE_REGION_LENGTH__)?__SIGNATURE_REGION_LENGTH__:0x400
                0x0000000000000400                __USER_SIGNATURE_REGION_LENGTH__ = DEFINED (__USER_SIGNATURE_REGION_LENGTH__)?__USER_SIGNATURE_REGION_LENGTH__:0x400

.hash
 *(.hash)

.dynsym
 *(.dynsym)

.dynstr
 *(.dynstr)

.gnu.version
 *(.gnu.version)

.gnu.version_d
 *(.gnu.version_d)

.gnu.version_r
 *(.gnu.version_r)

.rel.init
 *(.rel.init)

.rela.init
 *(.rela.init)

.rel.text
 *(.rel.text)
 *(.rel.text.*)
 *(.rel.gnu.linkonce.t*)

.rela.text
 *(.rela.text)
 *(.rela.text.*)
 *(.rela.gnu.linkonce.t*)

.rel.fini
 *(.rel.fini)

.rela.fini
 *(.rela.fini)

.rel.rodata
 *(.rel.rodata)
 *(.rel.rodata.*)
 *(.rel.gnu.linkonce.r*)

.rela.rodata
 *(.rela.rodata)
 *(.rela.rodata.*)
 *(.rela.gnu.linkonce.r*)

.rel.data
 *(.rel.data)
 *(.rel.data.*)
 *(.rel.gnu.linkonce.d*)

.rela.data
 *(.rela.data)
 *(.rela.data.*)
 *(.rela.gnu.linkonce.d*)

.rel.ctors
 *(.rel.ctors)

.rela.ctors
 *(.rela.ctors)

.rel.dtors
 *(.rel.dtors)

.rela.dtors
 *(.rela.dtors)

.rel.got
 *(.rel.got)

.rela.got
 *(.rela.got)

.rel.bss
 *(.rel.bss)

.rela.bss
 *(.rela.bss)

.rel.plt
 *(.rel.plt)

.rela.plt
 *(.rela.plt)

.text           0x0000000000000000      0x100
 *(.vectors)
 .vectors       0x0000000000000000       0xe4 C:/Program Files (x86)/Atmel/Studio/7.0/Packs/atmel/ATmega_DFP/1.7.374/xc8/avr/lib/avr6/memx-const/crtatmega2560.o
                0x0000000000000000                __vector_default
                0x0000000000000000                __vectors
 *(.vectors)
 *(.progmem.gcc*)
 *(.dinit)
 .dinit         0x00000000000000e4        0x0 data_init
                0x00000000000000e4                . = ALIGN (0x2)
                0x00000000000000e4                __trampolines_start = .
 *(.trampolines)
 .trampolines   0x00000000000000e4        0x0 linker stubs
 *(.trampolines*)
                0x00000000000000e4                __trampolines_end = .
 *libprintf_flt.a:*(.progmem.data)
 *libc.a:*(.progmem.data)
                0x00000000000000e4                . = ALIGN (0x2)
 *(.jumptables)
 *(.jumptables*)
 *(.lowtext)
 *(.lowtext*)
                0x00000000000000e4                __ctors_start = .
 *(.ctors)
                0x00000000000000e4                __ctors_end = .
                0x00000000000000e4                __dtors_start = .
 *(.dtors)
                0x00000000000000e4                __dtors_end = .
 SORT(*)(.ctors)
 SORT(*)(.dtors)
 *(.init0)
 .init0         0x00000000000000e4        0x0 C:/Program Files (x86)/Atmel/Studio/7.0/Packs/atmel/ATmega_DFP/1.7.374/xc8/avr/lib/avr6/memx-const/crtatmega2560.o
                0x00000000000000e4                __init
 *(.init0)
 *(.init1)
 *(.init1)
 *(.init2)
 .init2         0x00000000000000e4       0x10 C:/Program Files (x86)/Atmel/Studio/7.0/Packs/atmel/ATmega_DFP/1.7.374/xc8/avr/lib/avr6/memx-const/crtatmega2560.o
 *(.init2)
 *(.init3)
 *(.init3)
 *(.init4)
 *(.init4)
 *(.init5)
 *(.init5)
 *(.init6)
 *(.init6)
 *(.init7)
 *(.init7)
 *(.init8)
 *(.init8)
 *(.init9)
 .init9         0x00000000000000f4        0x8 C:/Program Files (x86)/Atmel/Studio/7.0/Packs/atmel/ATmega_DFP/1.7.374/xc8/avr/lib/avr6/memx-const/crtatmega2560.o
 *(.init9)
                0x00000000000000fc                . = ALIGN (0x2)
 *(.fini9)
 .fini9         0x00000000000000fc        0x0 c:/program files/microchip/xc8/v2.36/avr/bin/../lib/gcc/avr/5.4.0/avr6/memx-const\libgcc.a(_exit.o)
                0x00000000000000fc                _exit
 *(.fini9)
 *(.fini8)
 *(.fini8)
 *(.fini7)
 *(.fini7)
 *(.fini6)
 *(.fini6)
 *(.fini5)
 *(.fini5)
 *(.fini4)
 *(.fini4)
 *(.fini3)
 *(.fini3)
 *(.fini2)
 *(.fini2)
 *(.fini1)
 *(.fini1)
 *(.fini0)
 .fini0         0x00000000000000fc        0x4 c:/program files/microchip/xc8/v2.36/avr/bin/../lib/gcc/avr/5.4.0/avr6/memx-const\libgcc.a(_exit.o)
 *(.fini0)
                0x0000000000000100                _etext = .

.data           0x0000000000800200        0x0 load address 0x0000000000000100
                [!provide]                        PROVIDE (__data_start, .)
 *(.gnu.linkonce.d*)
 *(.gnu.linkonce.r*)
                0x0000000000800200                . = ALIGN (0x2)
                0x0000000000800200                _edata = .
                [!provide]                        PROVIDE (__data_end, .)

.bss            0x0000000000800200        0x0
                [!provide]                        PROVIDE (__bss_start, .)
 *(COMMON)
                [!provide]                        PROVIDE (__bss_end, .)
                0x0000000000000100                __data_load_start = LOADADDR (.data)
                0x0000000000000100                __data_load_end = (__data_load_start + SIZEOF (.data))

.noinit         0x0000000000800200        0x0
                [!provide]                        PROVIDE (__noinit_start, .)
 *(.noinit*)
                [!provide]                        PROVIDE (__noinit_end, .)
                0x0000000000800200                _end = .

.eeprom         0x0000000000810000        0x0
 *(.eeprom*)
                0x0000000000810000                __eeprom_end = .

.fuse
 *(.fuse)
 *(.lfuse)
 *(.hfuse)
 *(.efuse)

.lock
 *(.lock*)

.signature
 *(.signature*)

.user_signatures
 *(.user_signatures*)

.stab
 *(.stab)

.stabstr
 *(.stabstr)

.stab.excl
 *(.stab.excl)

.stab.exclstr
 *(.stab.exclstr)

.stab.index
 *(.stab.index)

.stab.indexstr
 *(.stab.indexstr)

.comment        0x0000000000000000       0x2f
 *(.comment)
 .comment       0x0000000000000000       0x2f main.o
                                         0x30 (size before relaxing)
 .comment       0x000000000000002f       0x30 Motor.o
 .comment       0x000000000000002f       0x30 c:/program files/microchip/xc8/v2.36/avr/bin/../lib/gcc/avr/5.4.0/../../../../avr/lib/avr6/memx-const\libc.a(exit.o)
 .comment       0x000000000000002f       0x30 c:/program files/microchip/xc8/v2.36/avr/bin/../lib/gcc/avr/5.4.0/../../../../avr/lib/avr6/memx-const\libc.a(_Exit.o)

.note.GNU-stack
                0x0000000000000000        0x0
 .note.GNU-stack
                0x0000000000000000        0x0 c:/program files/microchip/xc8/v2.36/avr/bin/../lib/gcc/avr/5.4.0/../../../../avr/lib/avr6/memx-const\libc.a(exit.o)
 .note.GNU-stack
                0x0000000000000000        0x0 c:/program files/microchip/xc8/v2.36/avr/bin/../lib/gcc/avr/5.4.0/../../../../avr/lib/avr6/memx-const\libc.a(_Exit.o)

.stack.descriptors.hdr
                0x0000000000000000        0xe
 .stack.descriptors.hdr
                0x0000000000000000        0xe c:/program files/microchip/xc8/v2.36/avr/bin/../lib/gcc/avr/5.4.0/avr6/memx-const\libgcc.a(_exit.o)

.note.gnu.build-id
 *(.note.gnu.build-id)

.debug
 *(.debug)

.line
 *(.line)

.debug_srcinfo
 *(.debug_srcinfo)

.debug_sfnames
 *(.debug_sfnames)

.debug_aranges  0x0000000000000000       0x58
 *(.debug_aranges)
 .debug_aranges
                0x0000000000000000       0x20 main.o
 .debug_aranges
                0x0000000000000020       0x38 Motor.o

.debug_pubnames
 *(.debug_pubnames)

.debug_info     0x0000000000000000     0x1a42
 *(.debug_info .gnu.linkonce.wi.*)
 .debug_info    0x0000000000000000      0xbbc C:/Program Files (x86)/Atmel/Studio/7.0/Packs/atmel/ATmega_DFP/1.7.374/xc8/avr/lib/avr6/memx-const/crtatmega2560.o
 .debug_info    0x0000000000000bbc      0x3bc main.o
 .debug_info    0x0000000000000f78      0xaca Motor.o

.debug_abbrev   0x0000000000000000      0xd60
 *(.debug_abbrev)
 .debug_abbrev  0x0000000000000000      0xb1a C:/Program Files (x86)/Atmel/Studio/7.0/Packs/atmel/ATmega_DFP/1.7.374/xc8/avr/lib/avr6/memx-const/crtatmega2560.o
 .debug_abbrev  0x0000000000000b1a       0xf3 main.o
 .debug_abbrev  0x0000000000000c0d      0x153 Motor.o

.debug_line     0x0000000000000000      0x6fd
 *(.debug_line .debug_line.* .debug_line_end)
 .debug_line    0x0000000000000000      0x1fd C:/Program Files (x86)/Atmel/Studio/7.0/Packs/atmel/ATmega_DFP/1.7.374/xc8/avr/lib/avr6/memx-const/crtatmega2560.o
 .debug_line    0x00000000000001fd      0x101 main.o
 .debug_line    0x00000000000002fe      0x3ff Motor.o

.debug_frame    0x0000000000000000       0x94
 *(.debug_frame)
 .debug_frame   0x0000000000000000       0x24 main.o
 .debug_frame   0x0000000000000024       0x70 Motor.o

.debug_str      0x0000000000000000      0x3e6
 *(.debug_str)
 .debug_str     0x0000000000000000      0x3e6 C:/Program Files (x86)/Atmel/Studio/7.0/Packs/atmel/ATmega_DFP/1.7.374/xc8/avr/lib/avr6/memx-const/crtatmega2560.o
 .debug_str     0x00000000000003e6        0x0 main.o
 .debug_str     0x00000000000003e6        0x0 Motor.o

.debug_loc      0x0000000000000000      0x7ec
 *(.debug_loc)
 .debug_loc     0x0000000000000000       0x48 main.o
 .debug_loc     0x0000000000000048      0x7a4 Motor.o

.debug_macinfo
 *(.debug_macinfo)

.debug_weaknames
 *(.debug_weaknames)

.debug_funcnames
 *(.debug_funcnames)

.debug_typenames
 *(.debug_typenames)

.debug_varnames
 *(.debug_varnames)

.debug_pubtypes
 *(.debug_pubtypes)

.debug_ranges   0x0000000000000000       0x38
 *(.debug_ranges)
 .debug_ranges  0x0000000000000000       0x10 main.o
 .debug_ranges  0x0000000000000010       0x28 Motor.o

.debug_macro
 *(.debug_macro)
OUTPUT(2.semesterProjektMaster.elf elf32-avr)
LOAD linker stubs
LOAD data_init

.note.gnu.avr.deviceinfo
                0x0000000000000000       0x40
 .note.gnu.avr.deviceinfo
                0x0000000000000000       0x40 C:/Program Files (x86)/Atmel/Studio/7.0/Packs/atmel/ATmega_DFP/1.7.374/xc8/avr/lib/avr6/memx-const/crtatmega2560.o

.text.step      0x0000000000000100      0x140
 .text.step     0x0000000000000100      0x140 Motor.o
                0x0000000000000100                step

.text.main      0x0000000000000240       0x44
 .text.main     0x0000000000000240       0x44 main.o
                0x0000000000000240                main

.text.digitalWrite
                0x0000000000000284       0x3a
 .text.digitalWrite
                0x0000000000000284       0x3a Motor.o
                0x0000000000000284                digitalWrite

.text.exit      0x00000000000002be       0x16
 .text.exit     0x00000000000002be       0x16 c:/program files/microchip/xc8/v2.36/avr/bin/../lib/gcc/avr/5.4.0/../../../../avr/lib/avr6/memx-const\libc.a(exit.o)
                0x00000000000002be                exit

.text.setup     0x00000000000002d4        0x8
 .text.setup    0x00000000000002d4        0x8 Motor.o
                0x00000000000002d4                setup

.text           0x00000000000002dc        0x4
 .text          0x00000000000002dc        0x4 C:/Program Files (x86)/Atmel/Studio/7.0/Packs/atmel/ATmega_DFP/1.7.374/xc8/avr/lib/avr6/memx-const/crtatmega2560.o
                0x00000000000002dc                __vector_38
                0x00000000000002dc                __vector_22
                0x00000000000002dc                __vector_28
                0x00000000000002dc                __vector_1
                0x00000000000002dc                __vector_32
                0x00000000000002dc                __vector_34
                0x00000000000002dc                __vector_24
                0x00000000000002dc                __vector_12
                0x00000000000002dc                __vector_55
                0x00000000000002dc                __vector_46
                0x00000000000002dc                __bad_interrupt
                0x00000000000002dc                __vector_6
                0x00000000000002dc                __vector_31
                0x00000000000002dc                __vector_35
                0x00000000000002dc                __vector_39
                0x00000000000002dc                __vector_3
                0x00000000000002dc                __vector_23
                0x00000000000002dc                __vector_30
                0x00000000000002dc                __vector_45
                0x00000000000002dc                __vector_25
                0x00000000000002dc                __vector_11
                0x00000000000002dc                __vector_54
                0x00000000000002dc                __vector_13
                0x00000000000002dc                __vector_17
                0x00000000000002dc                __vector_19
                0x00000000000002dc                __vector_56
                0x00000000000002dc                __vector_7
                0x00000000000002dc                __vector_49
                0x00000000000002dc                __vector_41
                0x00000000000002dc                __vector_43
                0x00000000000002dc                __vector_27
                0x00000000000002dc                __vector_5
                0x00000000000002dc                __vector_33
                0x00000000000002dc                __vector_47
                0x00000000000002dc                __vector_52
                0x00000000000002dc                __vector_37
                0x00000000000002dc                __vector_4
                0x00000000000002dc                __vector_44
                0x00000000000002dc                __vector_51
                0x00000000000002dc                __vector_9
                0x00000000000002dc                __vector_2
                0x00000000000002dc                __vector_21
                0x00000000000002dc                __vector_15
                0x00000000000002dc                __vector_36
                0x00000000000002dc                __vector_29
                0x00000000000002dc                __vector_40
                0x00000000000002dc                __vector_8
                0x00000000000002dc                __vector_26
                0x00000000000002dc                __vector_48
                0x00000000000002dc                __vector_14
                0x00000000000002dc                __vector_53
                0x00000000000002dc                __vector_10
                0x00000000000002dc                __vector_50
                0x00000000000002dc                __vector_16
                0x00000000000002dc                __vector_18
                0x00000000000002dc                __vector_20
                0x00000000000002dc                __vector_42

.text._Exit     0x00000000000002e0        0x4
 .text._Exit    0x00000000000002e0        0x4 c:/program files/microchip/xc8/v2.36/avr/bin/../lib/gcc/avr/5.4.0/../../../../avr/lib/avr6/memx-const\libc.a(_Exit.o)
                0x00000000000002e0                _Exit

.text.__dummy_fini
                0x00000000000002e4        0x2
 .text.__dummy_fini
                0x00000000000002e4        0x2 c:/program files/microchip/xc8/v2.36/avr/bin/../lib/gcc/avr/5.4.0/../../../../avr/lib/avr6/memx-const\libc.a(exit.o)
                0x00000000000002e4                _fini

.text.__dummy_funcs_on_exit
                0x00000000000002e6        0x2
 .text.__dummy_funcs_on_exit
                0x00000000000002e6        0x2 c:/program files/microchip/xc8/v2.36/avr/bin/../lib/gcc/avr/5.4.0/../../../../avr/lib/avr6/memx-const\libc.a(exit.o)
                0x00000000000002e6                __funcs_on_exit

.text.__dummy_simulator_exit
                0x00000000000002e8        0x2
 .text.__dummy_simulator_exit
                0x00000000000002e8        0x2 c:/program files/microchip/xc8/v2.36/avr/bin/../lib/gcc/avr/5.4.0/../../../../avr/lib/avr6/memx-const\libc.a(exit.o)
                0x00000000000002e8                __simulator_exit
